Courier afm builtin/urw/NimbusMonoPS-Regular.afm
Courier type1 builtin/urw/NimbusMonoPS-Regular.t1
Courier-Bold afm builtin/urw/NimbusMonoPS-Bold.afm
Courier-Bold type1 builtin/urw/NimbusMonoPS-Bold.t1
Courier-BoldOblique afm builtin/urw/NimbusMonoPS-BoldItalic.afm
Courier-BoldOblique type1 builtin/urw/NimbusMonoPS-BoldItalic.t1
Courier-Oblique afm builtin/urw/NimbusMonoPS-Italic.afm
Courier-Oblique type1 builtin/urw/NimbusMonoPS-Italic.t1
Helvetica afm builtin/urw/NimbusSans-Regular.afm
Helvetica type1 builtin/urw/NimbusSans-Regular.t1
Helvetica-Bold afm builtin/urw/NimbusSans-Bold.afm
Helvetica-Bold type1 builtin/urw/NimbusSans-Bold.t1
Helvetica-BoldOblique afm builtin/urw/NimbusSans-BoldItalic.afm
Helvetica-BoldOblique type1 builtin/urw/NimbusSans-BoldItalic.t1
Helvetica-Oblique afm builtin/urw/NimbusSans-Italic.afm
Helvetica-Oblique type1 builtin/urw/NimbusSans-Italic.t1
Symbol afm builtin/urw/StandardSymbolsPS.afm
Symbol type1 builtin/urw/StandardSymbolsPS.t1
Times-Bold afm builtin/urw/NimbusRoman-Bold.afm
Times-Bold type1 builtin/urw/NimbusRoman-Bold.t1
Times-BoldItalic afm builtin/urw/NimbusRoman-BoldItalic.afm
Times-BoldItalic type1 builtin/urw/NimbusRoman-BoldItalic.t1
Times-Italic afm builtin/urw/NimbusRoman-Italic.afm
Times-Italic type1 builtin/urw/NimbusRoman-Italic.t1
Times-Roman afm builtin/urw/NimbusRoman-Regular.afm
Times-Roman type1 builtin/urw/NimbusRoman-Regular.t1
ZapfDingbats afm builtin/urw/D050000L.afm
ZapfDingbats type1 builtin/urw/D050000L.t1

D050000L afm builtin/urw/D050000L.afm
D050000L type1 builtin/urw/D050000L.t1
NimbusMonoPS-Bold afm builtin/urw/NimbusMonoPS-Bold.afm
NimbusMonoPS-Bold type1 builtin/urw/NimbusMonoPS-Bold.t1
NimbusMonoPS-BoldItalic afm builtin/urw/NimbusMonoPS-BoldItalic.afm
NimbusMonoPS-BoldItalic type1 builtin/urw/NimbusMonoPS-BoldItalic.t1
NimbusMonoPS-Italic afm builtin/urw/NimbusMonoPS-Italic.afm
NimbusMonoPS-Italic type1 builtin/urw/NimbusMonoPS-Italic.t1
NimbusMonoPS-Regular afm builtin/urw/NimbusMonoPS-Regular.afm
NimbusMonoPS-Regular type1 builtin/urw/NimbusMonoPS-Regular.t1
NimbusRoman-Bold afm builtin/urw/NimbusRoman-Bold.afm
NimbusRoman-Bold type1 builtin/urw/NimbusRoman-Bold.t1
NimbusRoman-BoldItalic afm builtin/urw/NimbusRoman-BoldItalic.afm
NimbusRoman-BoldItalic type1 builtin/urw/NimbusRoman-BoldItalic.t1
NimbusRoman-Italic afm builtin/urw/NimbusRoman-Italic.afm
NimbusRoman-Italic type1 builtin/urw/NimbusRoman-Italic.t1
NimbusRoman-Regular afm builtin/urw/NimbusRoman-Regular.afm
NimbusRoman-Regular type1 builtin/urw/NimbusRoman-Regular.t1
NimbusSans-Bold afm builtin/urw/NimbusSans-Bold.afm
NimbusSans-Bold type1 builtin/urw/NimbusSans-Bold.t1
NimbusSans-BoldItalic afm builtin/urw/NimbusSans-BoldItalic.afm
NimbusSans-BoldItalic type1 builtin/urw/NimbusSans-BoldItalic.t1
NimbusSans-Italic afm builtin/urw/NimbusSans-Italic.afm
NimbusSans-Italic type1 builtin/urw/NimbusSans-Italic.t1
NimbusSans-Regular afm builtin/urw/NimbusSans-Regular.afm
NimbusSans-Regular type1 builtin/urw/NimbusSans-Regular.t1
StandardSymbolsPS afm builtin/urw/StandardSymbolsPS.afm
StandardSymbolsPS type1 builtin/urw/StandardSymbolsPS.t1
